Archive member included to satisfy reference by file (symbol)

C:\Users\FeeDeeX46\Documents\LPCXpresso_8.2.2_650\workspace\Lib_CMSISv1p30_LPC17xx\Debug\libCMSISv1p30_LPC17xx.a(system_LPC17xx.o)
                              ./src/cr_startup_lpc17.o (SystemInit)
C:\Users\FeeDeeX46\Documents\LPCXpresso_8.2.2_650\workspace\Lib_EaBaseBoard\Debug\libLib_EaBaseBoard.a(joystick.o)
                              ./src/main.o (joystick_init)
C:\Users\FeeDeeX46\Documents\LPCXpresso_8.2.2_650\workspace\Lib_MCU\Debug\libLib_MCU.a(lpc17xx_gpio.o)
                              ./src/main.o (GPIO_SetDir)
C:\Users\FeeDeeX46\Documents\LPCXpresso_8.2.2_650\workspace\Lib_MCU\Debug\libLib_MCU.a(lpc17xx_timer.o)
                              ./src/main.o (Timer0_Wait)
C:\Users\FeeDeeX46\Documents\LPCXpresso_8.2.2_650\workspace\Lib_MCU\Debug\libLib_MCU.a(lpc17xx_clkpwr.o)
                              C:\Users\FeeDeeX46\Documents\LPCXpresso_8.2.2_650\workspace\Lib_MCU\Debug\libLib_MCU.a(lpc17xx_timer.o) (CLKPWR_SetPCLKDiv)
c:/nxp/lpcxpresso_8.2.2_650/lpcxpresso/tools/bin/../lib/gcc/arm-none-eabi/5.4.1/armv7-m\libgcc.a(_aeabi_uldivmod.o)
                              C:\Users\FeeDeeX46\Documents\LPCXpresso_8.2.2_650\workspace\Lib_CMSISv1p30_LPC17xx\Debug\libCMSISv1p30_LPC17xx.a(system_LPC17xx.o) (__aeabi_uldivmod)
c:/nxp/lpcxpresso_8.2.2_650/lpcxpresso/tools/bin/../lib/gcc/arm-none-eabi/5.4.1/armv7-m\libgcc.a(_udivmoddi4.o)
                              c:/nxp/lpcxpresso_8.2.2_650/lpcxpresso/tools/bin/../lib/gcc/arm-none-eabi/5.4.1/armv7-m\libgcc.a(_aeabi_uldivmod.o) (__udivmoddi4)
c:/nxp/lpcxpresso_8.2.2_650/lpcxpresso/tools/bin/../lib/gcc/arm-none-eabi/5.4.1/armv7-m\libgcc.a(_dvmd_tls.o)
                              c:/nxp/lpcxpresso_8.2.2_650/lpcxpresso/tools/bin/../lib/gcc/arm-none-eabi/5.4.1/armv7-m\libgcc.a(_aeabi_uldivmod.o) (__aeabi_ldiv0)

Discarded input sections

 .group         0x00000000        0x8 ./src/cr_startup_lpc17.o
 .group         0x00000000        0x8 ./src/cr_startup_lpc17.o
 .group         0x00000000        0x8 ./src/cr_startup_lpc17.o
 .group         0x00000000        0x8 ./src/cr_startup_lpc17.o
 .group         0x00000000        0x8 ./src/cr_startup_lpc17.o
 .group         0x00000000        0x8 ./src/cr_startup_lpc17.o
 .group         0x00000000        0x8 ./src/cr_startup_lpc17.o
 .text          0x00000000        0x0 ./src/cr_startup_lpc17.o
 .data          0x00000000        0x0 ./src/cr_startup_lpc17.o
 .bss           0x00000000        0x0 ./src/cr_startup_lpc17.o
 .group         0x00000000        0x8 ./src/main.o
 .group         0x00000000        0x8 ./src/main.o
 .group         0x00000000        0x8 ./src/main.o
 .group         0x00000000        0x8 ./src/main.o
 .group         0x00000000        0x8 ./src/main.o
 .group         0x00000000        0x8 ./src/main.o
 .group         0x00000000        0x8 ./src/main.o
 .group         0x00000000        0x8 ./src/main.o
 .group         0x00000000        0x8 ./src/main.o
 .group         0x00000000        0x8 ./src/main.o
 .group         0x00000000        0x8 ./src/main.o
 .group         0x00000000        0x8 ./src/main.o
 .group         0x00000000        0x8 ./src/main.o
 .group         0x00000000        0x8 ./src/main.o
 .group         0x00000000        0x8 ./src/main.o
 .group         0x00000000        0x8 ./src/main.o
 .text          0x00000000        0x0 ./src/main.o
 .bss           0x00000000        0x0 ./src/main.o
 .debug_macro   0x00000000      0x886 ./src/main.o
 .debug_macro   0x00000000       0x22 ./src/main.o
 .debug_macro   0x00000000       0x87 ./src/main.o
 .debug_macro   0x00000000       0x44 ./src/main.o
 .debug_macro   0x00000000       0xfd ./src/main.o
 .debug_macro   0x00000000       0x5e ./src/main.o
 .debug_macro   0x00000000      0x1df ./src/main.o
 .group         0x00000000        0x8 C:\Users\FeeDeeX46\Documents\LPCXpresso_8.2.2_650\workspace\Lib_CMSISv1p30_LPC17xx\Debug\libCMSISv1p30_LPC17xx.a(system_LPC17xx.o)
 .group         0x00000000        0x8 C:\Users\FeeDeeX46\Documents\LPCXpresso_8.2.2_650\workspace\Lib_CMSISv1p30_LPC17xx\Debug\libCMSISv1p30_LPC17xx.a(system_LPC17xx.o)
 .group         0x00000000        0x8 C:\Users\FeeDeeX46\Documents\LPCXpresso_8.2.2_650\workspace\Lib_CMSISv1p30_LPC17xx\Debug\libCMSISv1p30_LPC17xx.a(system_LPC17xx.o)
 .group         0x00000000        0x8 C:\Users\FeeDeeX46\Documents\LPCXpresso_8.2.2_650\workspace\Lib_CMSISv1p30_LPC17xx\Debug\libCMSISv1p30_LPC17xx.a(system_LPC17xx.o)
 .group         0x00000000        0x8 C:\Users\FeeDeeX46\Documents\LPCXpresso_8.2.2_650\workspace\Lib_CMSISv1p30_LPC17xx\Debug\libCMSISv1p30_LPC17xx.a(system_LPC17xx.o)
 .group         0x00000000        0x8 C:\Users\FeeDeeX46\Documents\LPCXpresso_8.2.2_650\workspace\Lib_CMSISv1p30_LPC17xx\Debug\libCMSISv1p30_LPC17xx.a(system_LPC17xx.o)
 .group         0x00000000        0x8 C:\Users\FeeDeeX46\Documents\LPCXpresso_8.2.2_650\workspace\Lib_CMSISv1p30_LPC17xx\Debug\libCMSISv1p30_LPC17xx.a(system_LPC17xx.o)
 .text          0x00000000        0x0 C:\Users\FeeDeeX46\Documents\LPCXpresso_8.2.2_650\workspace\Lib_CMSISv1p30_LPC17xx\Debug\libCMSISv1p30_LPC17xx.a(system_LPC17xx.o)
 .bss           0x00000000        0x0 C:\Users\FeeDeeX46\Documents\LPCXpresso_8.2.2_650\workspace\Lib_CMSISv1p30_LPC17xx\Debug\libCMSISv1p30_LPC17xx.a(system_LPC17xx.o)
 .text.SystemCoreClockUpdate
                0x00000000      0x284 C:\Users\FeeDeeX46\Documents\LPCXpresso_8.2.2_650\workspace\Lib_CMSISv1p30_LPC17xx\Debug\libCMSISv1p30_LPC17xx.a(system_LPC17xx.o)
 .debug_macro   0x00000000       0x1c C:\Users\FeeDeeX46\Documents\LPCXpresso_8.2.2_650\workspace\Lib_CMSISv1p30_LPC17xx\Debug\libCMSISv1p30_LPC17xx.a(system_LPC17xx.o)
 .debug_macro   0x00000000      0x2c7 C:\Users\FeeDeeX46\Documents\LPCXpresso_8.2.2_650\workspace\Lib_CMSISv1p30_LPC17xx\Debug\libCMSISv1p30_LPC17xx.a(system_LPC17xx.o)
 .group         0x00000000        0x8 C:\Users\FeeDeeX46\Documents\LPCXpresso_8.2.2_650\workspace\Lib_EaBaseBoard\Debug\libLib_EaBaseBoard.a(joystick.o)
 .group         0x00000000        0x8 C:\Users\FeeDeeX46\Documents\LPCXpresso_8.2.2_650\workspace\Lib_EaBaseBoard\Debug\libLib_EaBaseBoard.a(joystick.o)
 .group         0x00000000        0x8 C:\Users\FeeDeeX46\Documents\LPCXpresso_8.2.2_650\workspace\Lib_EaBaseBoard\Debug\libLib_EaBaseBoard.a(joystick.o)
 .group         0x00000000        0x8 C:\Users\FeeDeeX46\Documents\LPCXpresso_8.2.2_650\workspace\Lib_EaBaseBoard\Debug\libLib_EaBaseBoard.a(joystick.o)
 .group         0x00000000        0x8 C:\Users\FeeDeeX46\Documents\LPCXpresso_8.2.2_650\workspace\Lib_EaBaseBoard\Debug\libLib_EaBaseBoard.a(joystick.o)
 .group         0x00000000        0x8 C:\Users\FeeDeeX46\Documents\LPCXpresso_8.2.2_650\workspace\Lib_EaBaseBoard\Debug\libLib_EaBaseBoard.a(joystick.o)
 .group         0x00000000        0x8 C:\Users\FeeDeeX46\Documents\LPCXpresso_8.2.2_650\workspace\Lib_EaBaseBoard\Debug\libLib_EaBaseBoard.a(joystick.o)
 .group         0x00000000        0x8 C:\Users\FeeDeeX46\Documents\LPCXpresso_8.2.2_650\workspace\Lib_EaBaseBoard\Debug\libLib_EaBaseBoard.a(joystick.o)
 .group         0x00000000        0x8 C:\Users\FeeDeeX46\Documents\LPCXpresso_8.2.2_650\workspace\Lib_EaBaseBoard\Debug\libLib_EaBaseBoard.a(joystick.o)
 .group         0x00000000        0x8 C:\Users\FeeDeeX46\Documents\LPCXpresso_8.2.2_650\workspace\Lib_EaBaseBoard\Debug\libLib_EaBaseBoard.a(joystick.o)
 .group         0x00000000        0x8 C:\Users\FeeDeeX46\Documents\LPCXpresso_8.2.2_650\workspace\Lib_EaBaseBoard\Debug\libLib_EaBaseBoard.a(joystick.o)
 .text          0x00000000        0x0 C:\Users\FeeDeeX46\Documents\LPCXpresso_8.2.2_650\workspace\Lib_EaBaseBoard\Debug\libLib_EaBaseBoard.a(joystick.o)
 .data          0x00000000        0x0 C:\Users\FeeDeeX46\Documents\LPCXpresso_8.2.2_650\workspace\Lib_EaBaseBoard\Debug\libLib_EaBaseBoard.a(joystick.o)
 .bss           0x00000000        0x0 C:\Users\FeeDeeX46\Documents\LPCXpresso_8.2.2_650\workspace\Lib_EaBaseBoard\Debug\libLib_EaBaseBoard.a(joystick.o)
 .debug_macro   0x00000000      0x880 C:\Users\FeeDeeX46\Documents\LPCXpresso_8.2.2_650\workspace\Lib_EaBaseBoard\Debug\libLib_EaBaseBoard.a(joystick.o)
 .debug_macro   0x00000000       0x1c C:\Users\FeeDeeX46\Documents\LPCXpresso_8.2.2_650\workspace\Lib_EaBaseBoard\Debug\libLib_EaBaseBoard.a(joystick.o)
 .debug_macro   0x00000000       0x22 C:\Users\FeeDeeX46\Documents\LPCXpresso_8.2.2_650\workspace\Lib_EaBaseBoard\Debug\libLib_EaBaseBoard.a(joystick.o)
 .debug_macro   0x00000000       0x10 C:\Users\FeeDeeX46\Documents\LPCXpresso_8.2.2_650\workspace\Lib_EaBaseBoard\Debug\libLib_EaBaseBoard.a(joystick.o)
 .debug_macro   0x00000000      0x12d C:\Users\FeeDeeX46\Documents\LPCXpresso_8.2.2_650\workspace\Lib_EaBaseBoard\Debug\libLib_EaBaseBoard.a(joystick.o)
 .debug_macro   0x00000000      0x5b2 C:\Users\FeeDeeX46\Documents\LPCXpresso_8.2.2_650\workspace\Lib_EaBaseBoard\Debug\libLib_EaBaseBoard.a(joystick.o)
 .debug_macro   0x00000000      0x7b7 C:\Users\FeeDeeX46\Documents\LPCXpresso_8.2.2_650\workspace\Lib_EaBaseBoard\Debug\libLib_EaBaseBoard.a(joystick.o)
 .debug_macro   0x00000000      0x2c7 C:\Users\FeeDeeX46\Documents\LPCXpresso_8.2.2_650\workspace\Lib_EaBaseBoard\Debug\libLib_EaBaseBoard.a(joystick.o)
 .debug_macro   0x00000000       0x64 C:\Users\FeeDeeX46\Documents\LPCXpresso_8.2.2_650\workspace\Lib_EaBaseBoard\Debug\libLib_EaBaseBoard.a(joystick.o)
 .debug_macro   0x00000000       0x28 C:\Users\FeeDeeX46\Documents\LPCXpresso_8.2.2_650\workspace\Lib_EaBaseBoard\Debug\libLib_EaBaseBoard.a(joystick.o)
 .group         0x00000000        0x8 C:\Users\FeeDeeX46\Documents\LPCXpresso_8.2.2_650\workspace\Lib_MCU\Debug\libLib_MCU.a(lpc17xx_gpio.o)
 .group         0x00000000        0x8 C:\Users\FeeDeeX46\Documents\LPCXpresso_8.2.2_650\workspace\Lib_MCU\Debug\libLib_MCU.a(lpc17xx_gpio.o)
 .group         0x00000000        0x8 C:\Users\FeeDeeX46\Documents\LPCXpresso_8.2.2_650\workspace\Lib_MCU\Debug\libLib_MCU.a(lpc17xx_gpio.o)
 .group         0x00000000        0x8 C:\Users\FeeDeeX46\Documents\LPCXpresso_8.2.2_650\workspace\Lib_MCU\Debug\libLib_MCU.a(lpc17xx_gpio.o)
 .group         0x00000000        0x8 C:\Users\FeeDeeX46\Documents\LPCXpresso_8.2.2_650\workspace\Lib_MCU\Debug\libLib_MCU.a(lpc17xx_gpio.o)
 .group         0x00000000        0x8 C:\Users\FeeDeeX46\Documents\LPCXpresso_8.2.2_650\workspace\Lib_MCU\Debug\libLib_MCU.a(lpc17xx_gpio.o)
 .group         0x00000000        0x8 C:\Users\FeeDeeX46\Documents\LPCXpresso_8.2.2_650\workspace\Lib_MCU\Debug\libLib_MCU.a(lpc17xx_gpio.o)
 .group         0x00000000        0x8 C:\Users\FeeDeeX46\Documents\LPCXpresso_8.2.2_650\workspace\Lib_MCU\Debug\libLib_MCU.a(lpc17xx_gpio.o)
 .group         0x00000000        0x8 C:\Users\FeeDeeX46\Documents\LPCXpresso_8.2.2_650\workspace\Lib_MCU\Debug\libLib_MCU.a(lpc17xx_gpio.o)
 .group         0x00000000        0x8 C:\Users\FeeDeeX46\Documents\LPCXpresso_8.2.2_650\workspace\Lib_MCU\Debug\libLib_MCU.a(lpc17xx_gpio.o)
 .group         0x00000000        0x8 C:\Users\FeeDeeX46\Documents\LPCXpresso_8.2.2_650\workspace\Lib_MCU\Debug\libLib_MCU.a(lpc17xx_gpio.o)
 .text          0x00000000        0x0 C:\Users\FeeDeeX46\Documents\LPCXpresso_8.2.2_650\workspace\Lib_MCU\Debug\libLib_MCU.a(lpc17xx_gpio.o)
 .data          0x00000000        0x0 C:\Users\FeeDeeX46\Documents\LPCXpresso_8.2.2_650\workspace\Lib_MCU\Debug\libLib_MCU.a(lpc17xx_gpio.o)
 .bss           0x00000000        0x0 C:\Users\FeeDeeX46\Documents\LPCXpresso_8.2.2_650\workspace\Lib_MCU\Debug\libLib_MCU.a(lpc17xx_gpio.o)
 .text.FIO_HalfWordGetPointer
                0x00000000       0x70 C:\Users\FeeDeeX46\Documents\LPCXpresso_8.2.2_650\workspace\Lib_MCU\Debug\libLib_MCU.a(lpc17xx_gpio.o)
 .text.FIO_ByteGetPointer
                0x00000000       0x70 C:\Users\FeeDeeX46\Documents\LPCXpresso_8.2.2_650\workspace\Lib_MCU\Debug\libLib_MCU.a(lpc17xx_gpio.o)
 .text.GPIO_IntCmd
                0x00000000       0x70 C:\Users\FeeDeeX46\Documents\LPCXpresso_8.2.2_650\workspace\Lib_MCU\Debug\libLib_MCU.a(lpc17xx_gpio.o)
 .text.GPIO_GetIntStatus
                0x00000000       0xa0 C:\Users\FeeDeeX46\Documents\LPCXpresso_8.2.2_650\workspace\Lib_MCU\Debug\libLib_MCU.a(lpc17xx_gpio.o)
 .text.GPIO_ClearInt
                0x00000000       0x38 C:\Users\FeeDeeX46\Documents\LPCXpresso_8.2.2_650\workspace\Lib_MCU\Debug\libLib_MCU.a(lpc17xx_gpio.o)
 .text.FIO_SetDir
                0x00000000       0x24 C:\Users\FeeDeeX46\Documents\LPCXpresso_8.2.2_650\workspace\Lib_MCU\Debug\libLib_MCU.a(lpc17xx_gpio.o)
 .text.FIO_SetValue
                0x00000000       0x20 C:\Users\FeeDeeX46\Documents\LPCXpresso_8.2.2_650\workspace\Lib_MCU\Debug\libLib_MCU.a(lpc17xx_gpio.o)
 .text.FIO_ClearValue
                0x00000000       0x20 C:\Users\FeeDeeX46\Documents\LPCXpresso_8.2.2_650\workspace\Lib_MCU\Debug\libLib_MCU.a(lpc17xx_gpio.o)
 .text.FIO_ReadValue
                0x00000000       0x1c C:\Users\FeeDeeX46\Documents\LPCXpresso_8.2.2_650\workspace\Lib_MCU\Debug\libLib_MCU.a(lpc17xx_gpio.o)
 .text.FIO_IntCmd
                0x00000000       0x24 C:\Users\FeeDeeX46\Documents\LPCXpresso_8.2.2_650\workspace\Lib_MCU\Debug\libLib_MCU.a(lpc17xx_gpio.o)
 .text.FIO_GetIntStatus
                0x00000000       0x28 C:\Users\FeeDeeX46\Documents\LPCXpresso_8.2.2_650\workspace\Lib_MCU\Debug\libLib_MCU.a(lpc17xx_gpio.o)
 .text.FIO_ClearInt
                0x00000000       0x20 C:\Users\FeeDeeX46\Documents\LPCXpresso_8.2.2_650\workspace\Lib_MCU\Debug\libLib_MCU.a(lpc17xx_gpio.o)
 .text.FIO_SetMask
                0x00000000       0x4c C:\Users\FeeDeeX46\Documents\LPCXpresso_8.2.2_650\workspace\Lib_MCU\Debug\libLib_MCU.a(lpc17xx_gpio.o)
 .text.FIO_HalfWordSetDir
                0x00000000       0xa4 C:\Users\FeeDeeX46\Documents\LPCXpresso_8.2.2_650\workspace\Lib_MCU\Debug\libLib_MCU.a(lpc17xx_gpio.o)
 .text.FIO_HalfWordSetMask
                0x00000000       0xa4 C:\Users\FeeDeeX46\Documents\LPCXpresso_8.2.2_650\workspace\Lib_MCU\Debug\libLib_MCU.a(lpc17xx_gpio.o)
 .text.FIO_HalfWordSetValue
                0x00000000       0x40 C:\Users\FeeDeeX46\Documents\LPCXpresso_8.2.2_650\workspace\Lib_MCU\Debug\libLib_MCU.a(lpc17xx_gpio.o)
 .text.FIO_HalfWordClearValue
                0x00000000       0x40 C:\Users\FeeDeeX46\Documents\LPCXpresso_8.2.2_650\workspace\Lib_MCU\Debug\libLib_MCU.a(lpc17xx_gpio.o)
 .text.FIO_HalfWordReadValue
                0x00000000       0x40 C:\Users\FeeDeeX46\Documents\LPCXpresso_8.2.2_650\workspace\Lib_MCU\Debug\libLib_MCU.a(lpc17xx_gpio.o)
 .text.FIO_ByteSetDir
                0x00000000       0x7c C:\Users\FeeDeeX46\Documents\LPCXpresso_8.2.2_650\workspace\Lib_MCU\Debug\libLib_MCU.a(lpc17xx_gpio.o)
 .text.FIO_ByteSetMask
                0x00000000       0x88 C:\Users\FeeDeeX46\Documents\LPCXpresso_8.2.2_650\workspace\Lib_MCU\Debug\libLib_MCU.a(lpc17xx_gpio.o)
 .text.FIO_ByteSetValue
                0x00000000       0x3c C:\Users\FeeDeeX46\Documents\LPCXpresso_8.2.2_650\workspace\Lib_MCU\Debug\libLib_MCU.a(lpc17xx_gpio.o)
 .text.FIO_ByteClearValue
                0x00000000       0x3c C:\Users\FeeDeeX46\Documents\LPCXpresso_8.2.2_650\workspace\Lib_MCU\Debug\libLib_MCU.a(lpc17xx_gpio.o)
 .text.FIO_ByteReadValue
                0x00000000       0x3c C:\Users\FeeDeeX46\Documents\LPCXpresso_8.2.2_650\workspace\Lib_MCU\Debug\libLib_MCU.a(lpc17xx_gpio.o)
 .debug_macro   0x00000000      0x880 C:\Users\FeeDeeX46\Documents\LPCXpresso_8.2.2_650\workspace\Lib_MCU\Debug\libLib_MCU.a(lpc17xx_gpio.o)
 .debug_macro   0x00000000       0x1c C:\Users\FeeDeeX46\Documents\LPCXpresso_8.2.2_650\workspace\Lib_MCU\Debug\libLib_MCU.a(lpc17xx_gpio.o)
 .debug_macro   0x00000000       0x22 C:\Users\FeeDeeX46\Documents\LPCXpresso_8.2.2_650\workspace\Lib_MCU\Debug\libLib_MCU.a(lpc17xx_gpio.o)
 .debug_macro   0x00000000       0x10 C:\Users\FeeDeeX46\Documents\LPCXpresso_8.2.2_650\workspace\Lib_MCU\Debug\libLib_MCU.a(lpc17xx_gpio.o)
 .debug_macro   0x00000000      0x12d C:\Users\FeeDeeX46\Documents\LPCXpresso_8.2.2_650\workspace\Lib_MCU\Debug\libLib_MCU.a(lpc17xx_gpio.o)
 .debug_macro   0x00000000      0x5b2 C:\Users\FeeDeeX46\Documents\LPCXpresso_8.2.2_650\workspace\Lib_MCU\Debug\libLib_MCU.a(lpc17xx_gpio.o)
 .debug_macro   0x00000000      0x7b7 C:\Users\FeeDeeX46\Documents\LPCXpresso_8.2.2_650\workspace\Lib_MCU\Debug\libLib_MCU.a(lpc17xx_gpio.o)
 .debug_macro   0x00000000      0x2c7 C:\Users\FeeDeeX46\Documents\LPCXpresso_8.2.2_650\workspace\Lib_MCU\Debug\libLib_MCU.a(lpc17xx_gpio.o)
 .debug_macro   0x00000000       0x64 C:\Users\FeeDeeX46\Documents\LPCXpresso_8.2.2_650\workspace\Lib_MCU\Debug\libLib_MCU.a(lpc17xx_gpio.o)
 .debug_macro   0x00000000       0x40 C:\Users\FeeDeeX46\Documents\LPCXpresso_8.2.2_650\workspace\Lib_MCU\Debug\libLib_MCU.a(lpc17xx_gpio.o)
 .group         0x00000000        0x8 C:\Users\FeeDeeX46\Documents\LPCXpresso_8.2.2_650\workspace\Lib_MCU\Debug\libLib_MCU.a(lpc17xx_timer.o)
 .group         0x00000000        0x8 C:\Users\FeeDeeX46\Documents\LPCXpresso_8.2.2_650\workspace\Lib_MCU\Debug\libLib_MCU.a(lpc17xx_timer.o)
 .group         0x00000000        0x8 C:\Users\FeeDeeX46\Documents\LPCXpresso_8.2.2_650\workspace\Lib_MCU\Debug\libLib_MCU.a(lpc17xx_timer.o)
 .group         0x00000000        0x8 C:\Users\FeeDeeX46\Documents\LPCXpresso_8.2.2_650\workspace\Lib_MCU\Debug\libLib_MCU.a(lpc17xx_timer.o)
 .group         0x00000000        0x8 C:\Users\FeeDeeX46\Documents\LPCXpresso_8.2.2_650\workspace\Lib_MCU\Debug\libLib_MCU.a(lpc17xx_timer.o)
 .group         0x00000000        0x8 C:\Users\FeeDeeX46\Documents\LPCXpresso_8.2.2_650\workspace\Lib_MCU\Debug\libLib_MCU.a(lpc17xx_timer.o)
 .group         0x00000000        0x8 C:\Users\FeeDeeX46\Documents\LPCXpresso_8.2.2_650\workspace\Lib_MCU\Debug\libLib_MCU.a(lpc17xx_timer.o)
 .group         0x00000000        0x8 C:\Users\FeeDeeX46\Documents\LPCXpresso_8.2.2_650\workspace\Lib_MCU\Debug\libLib_MCU.a(lpc17xx_timer.o)
 .group         0x00000000        0x8 C:\Users\FeeDeeX46\Documents\LPCXpresso_8.2.2_650\workspace\Lib_MCU\Debug\libLib_MCU.a(lpc17xx_timer.o)
 .group         0x00000000        0x8 C:\Users\FeeDeeX46\Documents\LPCXpresso_8.2.2_650\workspace\Lib_MCU\Debug\libLib_MCU.a(lpc17xx_timer.o)
 .group         0x00000000        0x8 C:\Users\FeeDeeX46\Documents\LPCXpresso_8.2.2_650\workspace\Lib_MCU\Debug\libLib_MCU.a(lpc17xx_timer.o)
 .group         0x00000000        0x8 C:\Users\FeeDeeX46\Documents\LPCXpresso_8.2.2_650\workspace\Lib_MCU\Debug\libLib_MCU.a(lpc17xx_timer.o)
 .group         0x00000000        0x8 C:\Users\FeeDeeX46\Documents\LPCXpresso_8.2.2_650\workspace\Lib_MCU\Debug\libLib_MCU.a(lpc17xx_timer.o)
 .text          0x00000000        0x0 C:\Users\FeeDeeX46\Documents\LPCXpresso_8.2.2_650\workspace\Lib_MCU\Debug\libLib_MCU.a(lpc17xx_timer.o)
 .data          0x00000000        0x0 C:\Users\FeeDeeX46\Documents\LPCXpresso_8.2.2_650\workspace\Lib_MCU\Debug\libLib_MCU.a(lpc17xx_timer.o)
 .bss           0x00000000        0x0 C:\Users\FeeDeeX46\Documents\LPCXpresso_8.2.2_650\workspace\Lib_MCU\Debug\libLib_MCU.a(lpc17xx_timer.o)
 .text.TIM_GetIntCaptureStatus
                0x00000000       0x9c C:\Users\FeeDeeX46\Documents\LPCXpresso_8.2.2_650\workspace\Lib_MCU\Debug\libLib_MCU.a(lpc17xx_timer.o)
 .text.TIM_ClearIntCapturePending
                0x00000000       0x88 C:\Users\FeeDeeX46\Documents\LPCXpresso_8.2.2_650\workspace\Lib_MCU\Debug\libLib_MCU.a(lpc17xx_timer.o)
 .text.TIM_ConfigStructInit
                0x00000000       0x38 C:\Users\FeeDeeX46\Documents\LPCXpresso_8.2.2_650\workspace\Lib_MCU\Debug\libLib_MCU.a(lpc17xx_timer.o)
 .text.TIM_DeInit
                0x00000000       0x9c C:\Users\FeeDeeX46\Documents\LPCXpresso_8.2.2_650\workspace\Lib_MCU\Debug\libLib_MCU.a(lpc17xx_timer.o)
 .text.TIM_ResetCounter
                0x00000000       0x64 C:\Users\FeeDeeX46\Documents\LPCXpresso_8.2.2_650\workspace\Lib_MCU\Debug\libLib_MCU.a(lpc17xx_timer.o)
 .text.TIM_UpdateMatchValue
                0x00000000       0x90 C:\Users\FeeDeeX46\Documents\LPCXpresso_8.2.2_650\workspace\Lib_MCU\Debug\libLib_MCU.a(lpc17xx_timer.o)
 .text.TIM_ConfigCapture
                0x00000000       0xdc C:\Users\FeeDeeX46\Documents\LPCXpresso_8.2.2_650\workspace\Lib_MCU\Debug\libLib_MCU.a(lpc17xx_timer.o)
 .text.TIM_GetCaptureValue
                0x00000000       0x74 C:\Users\FeeDeeX46\Documents\LPCXpresso_8.2.2_650\workspace\Lib_MCU\Debug\libLib_MCU.a(lpc17xx_timer.o)
 .debug_macro   0x00000000      0x880 C:\Users\FeeDeeX46\Documents\LPCXpresso_8.2.2_650\workspace\Lib_MCU\Debug\libLib_MCU.a(lpc17xx_timer.o)
 .debug_macro   0x00000000       0x1c C:\Users\FeeDeeX46\Documents\LPCXpresso_8.2.2_650\workspace\Lib_MCU\Debug\libLib_MCU.a(lpc17xx_timer.o)
 .debug_macro   0x00000000       0x22 C:\Users\FeeDeeX46\Documents\LPCXpresso_8.2.2_650\workspace\Lib_MCU\Debug\libLib_MCU.a(lpc17xx_timer.o)
 .debug_macro   0x00000000       0x10 C:\Users\FeeDeeX46\Documents\LPCXpresso_8.2.2_650\workspace\Lib_MCU\Debug\libLib_MCU.a(lpc17xx_timer.o)
 .debug_macro   0x00000000      0x12d C:\Users\FeeDeeX46\Documents\LPCXpresso_8.2.2_650\workspace\Lib_MCU\Debug\libLib_MCU.a(lpc17xx_timer.o)
 .debug_macro   0x00000000      0x5b2 C:\Users\FeeDeeX46\Documents\LPCXpresso_8.2.2_650\workspace\Lib_MCU\Debug\libLib_MCU.a(lpc17xx_timer.o)
 .debug_macro   0x00000000      0x7b7 C:\Users\FeeDeeX46\Documents\LPCXpresso_8.2.2_650\workspace\Lib_MCU\Debug\libLib_MCU.a(lpc17xx_timer.o)
 .debug_macro   0x00000000      0x2c7 C:\Users\FeeDeeX46\Documents\LPCXpresso_8.2.2_650\workspace\Lib_MCU\Debug\libLib_MCU.a(lpc17xx_timer.o)
 .debug_macro   0x00000000       0x64 C:\Users\FeeDeeX46\Documents\LPCXpresso_8.2.2_650\workspace\Lib_MCU\Debug\libLib_MCU.a(lpc17xx_timer.o)
 .debug_macro   0x00000000       0xda C:\Users\FeeDeeX46\Documents\LPCXpresso_8.2.2_650\workspace\Lib_MCU\Debug\libLib_MCU.a(lpc17xx_timer.o)
 .group         0x00000000        0x8 C:\Users\FeeDeeX46\Documents\LPCXpresso_8.2.2_650\workspace\Lib_MCU\Debug\libLib_MCU.a(lpc17xx_clkpwr.o)
 .group         0x00000000        0x8 C:\Users\FeeDeeX46\Documents\LPCXpresso_8.2.2_650\workspace\Lib_MCU\Debug\libLib_MCU.a(lpc17xx_clkpwr.o)
 .group         0x00000000        0x8 C:\Users\FeeDeeX46\Documents\LPCXpresso_8.2.2_650\workspace\Lib_MCU\Debug\libLib_MCU.a(lpc17xx_clkpwr.o)
 .group         0x00000000        0x8 C:\Users\FeeDeeX46\Documents\LPCXpresso_8.2.2_650\workspace\Lib_MCU\Debug\libLib_MCU.a(lpc17xx_clkpwr.o)
 .group         0x00000000        0x8 C:\Users\FeeDeeX46\Documents\LPCXpresso_8.2.2_650\workspace\Lib_MCU\Debug\libLib_MCU.a(lpc17xx_clkpwr.o)
 .group         0x00000000        0x8 C:\Users\FeeDeeX46\Documents\LPCXpresso_8.2.2_650\workspace\Lib_MCU\Debug\libLib_MCU.a(lpc17xx_clkpwr.o)
 .group         0x00000000        0x8 C:\Users\FeeDeeX46\Documents\LPCXpresso_8.2.2_650\workspace\Lib_MCU\Debug\libLib_MCU.a(lpc17xx_clkpwr.o)
 .group         0x00000000        0x8 C:\Users\FeeDeeX46\Documents\LPCXpresso_8.2.2_650\workspace\Lib_MCU\Debug\libLib_MCU.a(lpc17xx_clkpwr.o)
 .group         0x00000000        0x8 C:\Users\FeeDeeX46\Documents\LPCXpresso_8.2.2_650\workspace\Lib_MCU\Debug\libLib_MCU.a(lpc17xx_clkpwr.o)
 .group         0x00000000        0x8 C:\Users\FeeDeeX46\Documents\LPCXpresso_8.2.2_650\workspace\Lib_MCU\Debug\libLib_MCU.a(lpc17xx_clkpwr.o)
 .text          0x00000000        0x0 C:\Users\FeeDeeX46\Documents\LPCXpresso_8.2.2_650\workspace\Lib_MCU\Debug\libLib_MCU.a(lpc17xx_clkpwr.o)
 .data          0x00000000        0x0 C:\Users\FeeDeeX46\Documents\LPCXpresso_8.2.2_650\workspace\Lib_MCU\Debug\libLib_MCU.a(lpc17xx_clkpwr.o)
 .bss           0x00000000        0x0 C:\Users\FeeDeeX46\Documents\LPCXpresso_8.2.2_650\workspace\Lib_MCU\Debug\libLib_MCU.a(lpc17xx_clkpwr.o)
 .text.__WFI    0x00000000       0x10 C:\Users\FeeDeeX46\Documents\LPCXpresso_8.2.2_650\workspace\Lib_MCU\Debug\libLib_MCU.a(lpc17xx_clkpwr.o)
 .text.CLKPWR_Sleep
                0x00000000       0x18 C:\Users\FeeDeeX46\Documents\LPCXpresso_8.2.2_650\workspace\Lib_MCU\Debug\libLib_MCU.a(lpc17xx_clkpwr.o)
 .text.CLKPWR_DeepSleep
                0x00000000       0x24 C:\Users\FeeDeeX46\Documents\LPCXpresso_8.2.2_650\workspace\Lib_MCU\Debug\libLib_MCU.a(lpc17xx_clkpwr.o)
 .text.CLKPWR_PowerDown
                0x00000000       0x24 C:\Users\FeeDeeX46\Documents\LPCXpresso_8.2.2_650\workspace\Lib_MCU\Debug\libLib_MCU.a(lpc17xx_clkpwr.o)
 .text.CLKPWR_DeepPowerDown
                0x00000000       0x24 C:\Users\FeeDeeX46\Documents\LPCXpresso_8.2.2_650\workspace\Lib_MCU\Debug\libLib_MCU.a(lpc17xx_clkpwr.o)
 .debug_macro   0x00000000      0x880 C:\Users\FeeDeeX46\Documents\LPCXpresso_8.2.2_650\workspace\Lib_MCU\Debug\libLib_MCU.a(lpc17xx_clkpwr.o)
 .debug_macro   0x00000000       0x1c C:\Users\FeeDeeX46\Documents\LPCXpresso_8.2.2_650\workspace\Lib_MCU\Debug\libLib_MCU.a(lpc17xx_clkpwr.o)
 .debug_macro   0x00000000       0x22 C:\Users\FeeDeeX46\Documents\LPCXpresso_8.2.2_650\workspace\Lib_MCU\Debug\libLib_MCU.a(lpc17xx_clkpwr.o)
 .debug_macro   0x00000000       0x10 C:\Users\FeeDeeX46\Documents\LPCXpresso_8.2.2_650\workspace\Lib_MCU\Debug\libLib_MCU.a(lpc17xx_clkpwr.o)
 .debug_macro   0x00000000      0x12d C:\Users\FeeDeeX46\Documents\LPCXpresso_8.2.2_650\workspace\Lib_MCU\Debug\libLib_MCU.a(lpc17xx_clkpwr.o)
 .debug_macro   0x00000000      0x5b2 C:\Users\FeeDeeX46\Documents\LPCXpresso_8.2.2_650\workspace\Lib_MCU\Debug\libLib_MCU.a(lpc17xx_clkpwr.o)
 .debug_macro   0x00000000      0x7b7 C:\Users\FeeDeeX46\Documents\LPCXpresso_8.2.2_650\workspace\Lib_MCU\Debug\libLib_MCU.a(lpc17xx_clkpwr.o)
 .debug_macro   0x00000000      0x2c7 C:\Users\FeeDeeX46\Documents\LPCXpresso_8.2.2_650\workspace\Lib_MCU\Debug\libLib_MCU.a(lpc17xx_clkpwr.o)
 .debug_macro   0x00000000       0x64 C:\Users\FeeDeeX46\Documents\LPCXpresso_8.2.2_650\workspace\Lib_MCU\Debug\libLib_MCU.a(lpc17xx_clkpwr.o)
 .data          0x00000000        0x0 c:/nxp/lpcxpresso_8.2.2_650/lpcxpresso/tools/bin/../lib/gcc/arm-none-eabi/5.4.1/armv7-m\libgcc.a(_aeabi_uldivmod.o)
 .bss           0x00000000        0x0 c:/nxp/lpcxpresso_8.2.2_650/lpcxpresso/tools/bin/../lib/gcc/arm-none-eabi/5.4.1/armv7-m\libgcc.a(_aeabi_uldivmod.o)
 .data          0x00000000        0x0 c:/nxp/lpcxpresso_8.2.2_650/lpcxpresso/tools/bin/../lib/gcc/arm-none-eabi/5.4.1/armv7-m\libgcc.a(_udivmoddi4.o)
 .bss           0x00000000        0x0 c:/nxp/lpcxpresso_8.2.2_650/lpcxpresso/tools/bin/../lib/gcc/arm-none-eabi/5.4.1/armv7-m\libgcc.a(_udivmoddi4.o)
 .ARM.extab     0x00000000        0x0 c:/nxp/lpcxpresso_8.2.2_650/lpcxpresso/tools/bin/../lib/gcc/arm-none-eabi/5.4.1/armv7-m\libgcc.a(_udivmoddi4.o)
 .data          0x00000000        0x0 c:/nxp/lpcxpresso_8.2.2_650/lpcxpresso/tools/bin/../lib/gcc/arm-none-eabi/5.4.1/armv7-m\libgcc.a(_dvmd_tls.o)
 .bss           0x00000000        0x0 c:/nxp/lpcxpresso_8.2.2_650/lpcxpresso/tools/bin/../lib/gcc/arm-none-eabi/5.4.1/armv7-m\libgcc.a(_dvmd_tls.o)

Memory Configuration

Name             Origin             Length             Attributes
MFlash512        0x00000000         0x00080000         xr
RamLoc32         0x10000000         0x00008000         xrw
RamAHB32         0x2007c000         0x00008000         xrw
*default*        0x00000000         0xffffffff

Linker script and memory map

LOAD ./src/cr_startup_lpc17.o
LOAD ./src/main.o
LOAD C:\Users\FeeDeeX46\Documents\LPCXpresso_8.2.2_650\workspace\Lib_CMSISv1p30_LPC17xx\Debug\libCMSISv1p30_LPC17xx.a
LOAD C:\Users\FeeDeeX46\Documents\LPCXpresso_8.2.2_650\workspace\Lib_EaBaseBoard\Debug\libLib_EaBaseBoard.a
LOAD C:\Users\FeeDeeX46\Documents\LPCXpresso_8.2.2_650\workspace\Lib_MCU\Debug\libLib_MCU.a
START GROUP
LOAD c:/nxp/lpcxpresso_8.2.2_650/lpcxpresso/tools/bin/../lib/gcc/arm-none-eabi/5.4.1/armv7-m\libgcc.a
LOAD c:/nxp/lpcxpresso_8.2.2_650/lpcxpresso/tools/bin/../lib/gcc/arm-none-eabi/5.4.1/../../../../arm-none-eabi/lib/armv7-m\libc.a
LOAD c:/nxp/lpcxpresso_8.2.2_650/lpcxpresso/tools/bin/../lib/gcc/arm-none-eabi/5.4.1/../../../../arm-none-eabi/lib/armv7-m\libm.a
LOAD c:/nxp/lpcxpresso_8.2.2_650/lpcxpresso/tools/bin/../lib/gcc/arm-none-eabi/5.4.1/../../../../arm-none-eabi/lib/armv7-m\libcr_newlib_semihost.a
END GROUP
                0x00000000                __base_MFlash512 = 0x0
                0x00000000                __base_Flash = 0x0
                0x00080000                __top_MFlash512 = 0x80000
                0x00080000                __top_Flash = 0x80000
                0x10000000                __base_RamLoc32 = 0x10000000
                0x10000000                __base_RAM = 0x10000000
                0x10008000                __top_RamLoc32 = 0x10008000
                0x10008000                __top_RAM = 0x10008000
                0x2007c000                __base_RamAHB32 = 0x2007c000
                0x2007c000                __base_RAM2 = 0x2007c000
                0x20084000                __top_RamAHB32 = 0x20084000
                0x20084000                __top_RAM2 = 0x20084000

.text           0x00000000     0x1680
 FILL mask 0xff
                0x00000000                __vectors_start__ = ABSOLUTE (.)
 *(.isr_vector)
 .isr_vector    0x00000000       0xcc ./src/cr_startup_lpc17.o
                0x00000000                g_pfnVectors
                0x000000cc                . = ALIGN (0x4)
                0x000000cc                __section_table_start = .
                0x000000cc                __data_section_table = .
                0x000000cc        0x4 LONG 0x1688 LOADADDR (.data)
                0x000000d0        0x4 LONG 0x10000000 ADDR (.data)
                0x000000d4        0x4 LONG 0x68 SIZEOF (.data)
                0x000000d8        0x4 LONG 0x1688 LOADADDR (.data_RAM2)
                0x000000dc        0x4 LONG 0x2007c000 ADDR (.data_RAM2)
                0x000000e0        0x4 LONG 0x0 SIZEOF (.data_RAM2)
                0x000000e4                __data_section_table_end = .
                0x000000e4                __bss_section_table = .
                0x000000e4        0x4 LONG 0x10000068 ADDR (.bss)
                0x000000e8        0x4 LONG 0x0 SIZEOF (.bss)
                0x000000ec        0x4 LONG 0x2007c000 ADDR (.bss_RAM2)
                0x000000f0        0x4 LONG 0x0 SIZEOF (.bss_RAM2)
                0x000000f4                __bss_section_table_end = .
                0x000000f4                __section_table_end = .
 *(.after_vectors*)
 *(.text*)
 .text.ResetISR
                0x000000f4       0x58 ./src/cr_startup_lpc17.o
                0x000000f4                ResetISR
 .text.NMI_Handler
                0x0000014c        0x8 ./src/cr_startup_lpc17.o
                0x0000014c                NMI_Handler
 .text.HardFault_Handler
                0x00000154        0x8 ./src/cr_startup_lpc17.o
                0x00000154                HardFault_Handler
 .text.MemManage_Handler
                0x0000015c        0x8 ./src/cr_startup_lpc17.o
                0x0000015c                MemManage_Handler
 .text.BusFault_Handler
                0x00000164        0x8 ./src/cr_startup_lpc17.o
                0x00000164                BusFault_Handler
 .text.UsageFault_Handler
                0x0000016c        0x8 ./src/cr_startup_lpc17.o
                0x0000016c                UsageFault_Handler
 .text.SVCall_Handler
                0x00000174        0x8 ./src/cr_startup_lpc17.o
                0x00000174                SVCall_Handler
 .text.DebugMon_Handler
                0x0000017c        0x8 ./src/cr_startup_lpc17.o
                0x0000017c                DebugMon_Handler
 .text.PendSV_Handler
                0x00000184        0x8 ./src/cr_startup_lpc17.o
                0x00000184                PendSV_Handler
 .text.SysTick_Handler
                0x0000018c        0x8 ./src/cr_startup_lpc17.o
                0x0000018c                SysTick_Handler
 .text.IntDefaultHandler
                0x00000194        0x8 ./src/cr_startup_lpc17.o
                0x00000194                TIMER2_IRQHandler
                0x00000194                RIT_IRQHandler
                0x00000194                I2C0_IRQHandler
                0x00000194                USBActivity_IRQHandler
                0x00000194                PWM1_IRQHandler
                0x00000194                I2C1_IRQHandler
                0x00000194                EINT2_IRQHandler
                0x00000194                UART1_IRQHandler
                0x00000194                EINT3_IRQHandler
                0x00000194                CANActivity_IRQHandler
                0x00000194                TIMER3_IRQHandler
                0x00000194                UART0_IRQHandler
                0x00000194                IntDefaultHandler
                0x00000194                PLL0_IRQHandler
                0x00000194                CAN_IRQHandler
                0x00000194                PLL1_IRQHandler
                0x00000194                SSP0_IRQHandler
                0x00000194                I2S_IRQHandler
                0x00000194                I2C2_IRQHandler
                0x00000194                RTC_IRQHandler
                0x00000194                TIMER0_IRQHandler
                0x00000194                SPI_IRQHandler
                0x00000194                EINT1_IRQHandler
                0x00000194                TIMER1_IRQHandler
                0x00000194                UART2_IRQHandler
                0x00000194                ADC_IRQHandler
                0x00000194                SSP1_IRQHandler
                0x00000194                USB_IRQHandler
                0x00000194                BOD_IRQHandler
                0x00000194                WDT_IRQHandler
                0x00000194                QEI_IRQHandler
                0x00000194                EINT0_IRQHandler
                0x00000194                DMA_IRQHandler
                0x00000194                UART3_IRQHandler
                0x00000194                MCPWM_IRQHandler
                0x00000194                ENET_IRQHandler
 .text.playNote
                0x0000019c       0x68 ./src/main.o
 .text.getNote  0x00000204       0x4c ./src/main.o
 .text.getDuration
                0x00000250       0x30 ./src/main.o
 .text.getPause
                0x00000280       0x40 ./src/main.o
 .text.playSong
                0x000002c0       0x7c ./src/main.o
 .text.main     0x0000033c      0x108 ./src/main.o
                0x0000033c                main
 .text.check_failed
                0x00000444        0xc ./src/main.o
                0x00000444                check_failed
 .text.SystemInit
                0x00000450      0x140 C:\Users\FeeDeeX46\Documents\LPCXpresso_8.2.2_650\workspace\Lib_CMSISv1p30_LPC17xx\Debug\libCMSISv1p30_LPC17xx.a(system_LPC17xx.o)
                0x00000450                SystemInit
 .text.joystick_init
                0x00000590       0x20 C:\Users\FeeDeeX46\Documents\LPCXpresso_8.2.2_650\workspace\Lib_EaBaseBoard\Debug\libLib_EaBaseBoard.a(joystick.o)
                0x00000590                joystick_init
 .text.joystick_read
                0x000005b0       0x88 C:\Users\FeeDeeX46\Documents\LPCXpresso_8.2.2_650\workspace\Lib_EaBaseBoard\Debug\libLib_EaBaseBoard.a(joystick.o)
                0x000005b0                joystick_read
 .text.GPIO_GetPointer
                0x00000638       0x70 C:\Users\FeeDeeX46\Documents\LPCXpresso_8.2.2_650\workspace\Lib_MCU\Debug\libLib_MCU.a(lpc17xx_gpio.o)
 .text.GPIO_SetDir
                0x000006a8       0x4c C:\Users\FeeDeeX46\Documents\LPCXpresso_8.2.2_650\workspace\Lib_MCU\Debug\libLib_MCU.a(lpc17xx_gpio.o)
                0x000006a8                GPIO_SetDir
 .text.GPIO_SetValue
                0x000006f4       0x2c C:\Users\FeeDeeX46\Documents\LPCXpresso_8.2.2_650\workspace\Lib_MCU\Debug\libLib_MCU.a(lpc17xx_gpio.o)
                0x000006f4                GPIO_SetValue
 .text.GPIO_ClearValue
                0x00000720       0x2c C:\Users\FeeDeeX46\Documents\LPCXpresso_8.2.2_650\workspace\Lib_MCU\Debug\libLib_MCU.a(lpc17xx_gpio.o)
                0x00000720                GPIO_ClearValue
 .text.GPIO_ReadValue
                0x0000074c       0x2c C:\Users\FeeDeeX46\Documents\LPCXpresso_8.2.2_650\workspace\Lib_MCU\Debug\libLib_MCU.a(lpc17xx_gpio.o)
                0x0000074c                GPIO_ReadValue
 .text.getPClock
                0x00000778       0x58 C:\Users\FeeDeeX46\Documents\LPCXpresso_8.2.2_650\workspace\Lib_MCU\Debug\libLib_MCU.a(lpc17xx_timer.o)
 .text.converUSecToVal
                0x000007d0       0x58 C:\Users\FeeDeeX46\Documents\LPCXpresso_8.2.2_650\workspace\Lib_MCU\Debug\libLib_MCU.a(lpc17xx_timer.o)
 .text.converPtrToTimeNum
                0x00000828       0x5c C:\Users\FeeDeeX46\Documents\LPCXpresso_8.2.2_650\workspace\Lib_MCU\Debug\libLib_MCU.a(lpc17xx_timer.o)
 .text.TIM_GetIntStatus
                0x00000884       0x98 C:\Users\FeeDeeX46\Documents\LPCXpresso_8.2.2_650\workspace\Lib_MCU\Debug\libLib_MCU.a(lpc17xx_timer.o)
                0x00000884                TIM_GetIntStatus
 .text.TIM_ClearIntPending
                0x0000091c       0x88 C:\Users\FeeDeeX46\Documents\LPCXpresso_8.2.2_650\workspace\Lib_MCU\Debug\libLib_MCU.a(lpc17xx_timer.o)
                0x0000091c                TIM_ClearIntPending
 .text.TIM_Init
                0x000009a4      0x184 C:\Users\FeeDeeX46\Documents\LPCXpresso_8.2.2_650\workspace\Lib_MCU\Debug\libLib_MCU.a(lpc17xx_timer.o)
                0x000009a4                TIM_Init
 .text.TIM_Cmd  0x00000b28       0x70 C:\Users\FeeDeeX46\Documents\LPCXpresso_8.2.2_650\workspace\Lib_MCU\Debug\libLib_MCU.a(lpc17xx_timer.o)
                0x00000b28                TIM_Cmd
 .text.TIM_ConfigMatch
                0x00000b98      0x184 C:\Users\FeeDeeX46\Documents\LPCXpresso_8.2.2_650\workspace\Lib_MCU\Debug\libLib_MCU.a(lpc17xx_timer.o)
                0x00000b98                TIM_ConfigMatch
 .text.Timer0_Wait
                0x00000d1c       0x78 C:\Users\FeeDeeX46\Documents\LPCXpresso_8.2.2_650\workspace\Lib_MCU\Debug\libLib_MCU.a(lpc17xx_timer.o)
                0x00000d1c                Timer0_Wait
 .text.Timer0_us_Wait
                0x00000d94       0x74 C:\Users\FeeDeeX46\Documents\LPCXpresso_8.2.2_650\workspace\Lib_MCU\Debug\libLib_MCU.a(lpc17xx_timer.o)
                0x00000d94                Timer0_us_Wait
 .text.CLKPWR_SetPCLKDiv
                0x00000e08       0x8c C:\Users\FeeDeeX46\Documents\LPCXpresso_8.2.2_650\workspace\Lib_MCU\Debug\libLib_MCU.a(lpc17xx_clkpwr.o)
                0x00000e08                CLKPWR_SetPCLKDiv
 .text.CLKPWR_GetPCLKSEL
                0x00000e94       0x48 C:\Users\FeeDeeX46\Documents\LPCXpresso_8.2.2_650\workspace\Lib_MCU\Debug\libLib_MCU.a(lpc17xx_clkpwr.o)
                0x00000e94                CLKPWR_GetPCLKSEL
 .text.CLKPWR_GetPCLK
                0x00000edc       0x64 C:\Users\FeeDeeX46\Documents\LPCXpresso_8.2.2_650\workspace\Lib_MCU\Debug\libLib_MCU.a(lpc17xx_clkpwr.o)
                0x00000edc                CLKPWR_GetPCLK
 .text.CLKPWR_ConfigPPWR
                0x00000f40       0x58 C:\Users\FeeDeeX46\Documents\LPCXpresso_8.2.2_650\workspace\Lib_MCU\Debug\libLib_MCU.a(lpc17xx_clkpwr.o)
                0x00000f40                CLKPWR_ConfigPPWR
 .text          0x00000f98       0x30 c:/nxp/lpcxpresso_8.2.2_650/lpcxpresso/tools/bin/../lib/gcc/arm-none-eabi/5.4.1/armv7-m\libgcc.a(_aeabi_uldivmod.o)
                0x00000f98                __aeabi_uldivmod
 .text          0x00000fc8      0x2ec c:/nxp/lpcxpresso_8.2.2_650/lpcxpresso/tools/bin/../lib/gcc/arm-none-eabi/5.4.1/armv7-m\libgcc.a(_udivmoddi4.o)
                0x00000fc8                __udivmoddi4
 .text          0x000012b4        0x4 c:/nxp/lpcxpresso_8.2.2_650/lpcxpresso/tools/bin/../lib/gcc/arm-none-eabi/5.4.1/armv7-m\libgcc.a(_dvmd_tls.o)
                0x000012b4                __aeabi_idiv0
                0x000012b4                __aeabi_ldiv0
 *(.rodata .rodata.* .constdata .constdata.*)
 .rodata        0x000012b8      0x3af ./src/main.o
 *fill*         0x00001667        0x1 ff
 .rodata        0x00001668       0x17 C:\Users\FeeDeeX46\Documents\LPCXpresso_8.2.2_650\workspace\Lib_MCU\Debug\libLib_MCU.a(lpc17xx_timer.o)
                0x00001680                . = ALIGN (0x4)
 *fill*         0x0000167f        0x1 ff

.glue_7         0x00001680        0x0
 .glue_7        0x00001680        0x0 linker stubs

.glue_7t        0x00001680        0x0
 .glue_7t       0x00001680        0x0 linker stubs

.vfp11_veneer   0x00001680        0x0
 .vfp11_veneer  0x00001680        0x0 linker stubs

.v4_bx          0x00001680        0x0
 .v4_bx         0x00001680        0x0 linker stubs

.iplt           0x00001680        0x0
 .iplt          0x00001680        0x0 ./src/cr_startup_lpc17.o

.ARM.extab
 *(.ARM.extab* .gnu.linkonce.armextab.*)
                0x00001680                __exidx_start = .

.ARM.exidx      0x00001680        0x8
 *(.ARM.exidx* .gnu.linkonce.armexidx.*)
 .ARM.exidx     0x00001680        0x8 c:/nxp/lpcxpresso_8.2.2_650/lpcxpresso/tools/bin/../lib/gcc/arm-none-eabi/5.4.1/armv7-m\libgcc.a(_udivmoddi4.o)
                0x00001688                __exidx_end = .
                0x00001688                _etext = .

.rel.dyn        0x00001688        0x0
 .rel.iplt      0x00001688        0x0 ./src/cr_startup_lpc17.o

.data_RAM2      0x2007c000        0x0 load address 0x00001688
 FILL mask 0xff
                [!provide]                PROVIDE (__start_data_RAM2, .)
 *(.ramfunc.$RAM2)
 *(.ramfunc.$RamAHB32)
 *(.data.$RAM2*)
 *(.data.$RamAHB32*)
                0x2007c000                . = ALIGN (0x4)
                [!provide]                PROVIDE (__end_data_RAM2, .)

.uninit_RESERVED
                0x10000000        0x0
 *(.bss.$RESERVED*)
                0x10000000                . = ALIGN (0x4)
                0x10000000                _end_uninit_RESERVED = .

.data           0x10000000       0x68 load address 0x00001688
 FILL mask 0xff
                0x10000000                _data = .
 *(vtable)
 *(.ramfunc*)
 *(.data*)
 .data          0x10000000       0x64 ./src/main.o
 .data          0x10000064        0x4 C:\Users\FeeDeeX46\Documents\LPCXpresso_8.2.2_650\workspace\Lib_CMSISv1p30_LPC17xx\Debug\libCMSISv1p30_LPC17xx.a(system_LPC17xx.o)
                0x10000064                SystemCoreClock
                0x10000068                . = ALIGN (0x4)
                0x10000068                _edata = .

.igot.plt       0x10000068        0x0 load address 0x000016f0
 .igot.plt      0x10000068        0x0 ./src/cr_startup_lpc17.o

.bss_RAM2       0x2007c000        0x0
                [!provide]                PROVIDE (__start_bss_RAM2, .)
 *(.bss.$RAM2*)
 *(.bss.$RamAHB32*)
                0x2007c000                . = ALIGN ((. != 0x0)?0x4:0x1)
                [!provide]                PROVIDE (__end_bss_RAM2, .)

.bss            0x10000068        0x0
                0x10000068                _bss = .
 *(.bss*)
 *(COMMON)
                0x10000068                . = ALIGN (0x4)
                0x10000068                _ebss = .
                [!provide]                PROVIDE (end, .)

.noinit_RAM2    0x2007c000        0x0
 *(.noinit.$RAM2*)
 *(.noinit.$RamAHB32*)
                0x2007c000                . = ALIGN (0x4)

.noinit         0x10000068        0x0
                0x10000068                _noinit = .
 *(.noinit*)
                0x10000068                . = ALIGN (0x4)
                0x10000068                _end_noinit = .
                [!provide]                PROVIDE (_pvHeapStart, DEFINED (__user_heap_base)?__user_heap_base:.)
                0x10008000                PROVIDE (_vStackTop, DEFINED (__user_stack_top)?__user_stack_top:(__top_RamLoc32 - 0x0))
                [!provide]                PROVIDE (__valid_user_code_checksum, (0x0 - ((((((_vStackTop + (ResetISR + 0x1)) + (NMI_Handler + 0x1)) + (HardFault_Handler + 0x1)) + (DEFINED (MemManage_Handler)?MemManage_Handler:0x0 + 0x1)) + (DEFINED (BusFault_Handler)?BusFault_Handler:0x0 + 0x1)) + (DEFINED (UsageFault_Handler)?UsageFault_Handler:0x0 + 0x1))))
OUTPUT(speaker_tone.axf elf32-littlearm)

.debug_info     0x00000000     0x23c1
 .debug_info    0x00000000      0x1b6 ./src/cr_startup_lpc17.o
 .debug_info    0x000001b6      0x2ad ./src/main.o
 .debug_info    0x00000463      0x2e3 C:\Users\FeeDeeX46\Documents\LPCXpresso_8.2.2_650\workspace\Lib_CMSISv1p30_LPC17xx\Debug\libCMSISv1p30_LPC17xx.a(system_LPC17xx.o)
 .debug_info    0x00000746       0xfa C:\Users\FeeDeeX46\Documents\LPCXpresso_8.2.2_650\workspace\Lib_EaBaseBoard\Debug\libLib_EaBaseBoard.a(joystick.o)
 .debug_info    0x00000840      0xd22 C:\Users\FeeDeeX46\Documents\LPCXpresso_8.2.2_650\workspace\Lib_MCU\Debug\libLib_MCU.a(lpc17xx_gpio.o)
 .debug_info    0x00001562      0x8ba C:\Users\FeeDeeX46\Documents\LPCXpresso_8.2.2_650\workspace\Lib_MCU\Debug\libLib_MCU.a(lpc17xx_timer.o)
 .debug_info    0x00001e1c      0x5a5 C:\Users\FeeDeeX46\Documents\LPCXpresso_8.2.2_650\workspace\Lib_MCU\Debug\libLib_MCU.a(lpc17xx_clkpwr.o)

.debug_abbrev   0x00000000      0x908
 .debug_abbrev  0x00000000       0xb9 ./src/cr_startup_lpc17.o
 .debug_abbrev  0x000000b9      0x118 ./src/main.o
 .debug_abbrev  0x000001d1       0xe6 C:\Users\FeeDeeX46\Documents\LPCXpresso_8.2.2_650\workspace\Lib_CMSISv1p30_LPC17xx\Debug\libCMSISv1p30_LPC17xx.a(system_LPC17xx.o)
 .debug_abbrev  0x000002b7       0x95 C:\Users\FeeDeeX46\Documents\LPCXpresso_8.2.2_650\workspace\Lib_EaBaseBoard\Debug\libLib_EaBaseBoard.a(joystick.o)
 .debug_abbrev  0x0000034c      0x204 C:\Users\FeeDeeX46\Documents\LPCXpresso_8.2.2_650\workspace\Lib_MCU\Debug\libLib_MCU.a(lpc17xx_gpio.o)
 .debug_abbrev  0x00000550      0x1fa C:\Users\FeeDeeX46\Documents\LPCXpresso_8.2.2_650\workspace\Lib_MCU\Debug\libLib_MCU.a(lpc17xx_timer.o)
 .debug_abbrev  0x0000074a      0x1be C:\Users\FeeDeeX46\Documents\LPCXpresso_8.2.2_650\workspace\Lib_MCU\Debug\libLib_MCU.a(lpc17xx_clkpwr.o)

.debug_aranges  0x00000000      0x310
 .debug_aranges
                0x00000000       0x70 ./src/cr_startup_lpc17.o
 .debug_aranges
                0x00000070       0x50 ./src/main.o
 .debug_aranges
                0x000000c0       0x28 C:\Users\FeeDeeX46\Documents\LPCXpresso_8.2.2_650\workspace\Lib_CMSISv1p30_LPC17xx\Debug\libCMSISv1p30_LPC17xx.a(system_LPC17xx.o)
 .debug_aranges
                0x000000e8       0x28 C:\Users\FeeDeeX46\Documents\LPCXpresso_8.2.2_650\workspace\Lib_EaBaseBoard\Debug\libLib_EaBaseBoard.a(joystick.o)
 .debug_aranges
                0x00000110       0xf8 C:\Users\FeeDeeX46\Documents\LPCXpresso_8.2.2_650\workspace\Lib_MCU\Debug\libLib_MCU.a(lpc17xx_gpio.o)
 .debug_aranges
                0x00000208       0xa8 C:\Users\FeeDeeX46\Documents\LPCXpresso_8.2.2_650\workspace\Lib_MCU\Debug\libLib_MCU.a(lpc17xx_timer.o)
 .debug_aranges
                0x000002b0       0x60 C:\Users\FeeDeeX46\Documents\LPCXpresso_8.2.2_650\workspace\Lib_MCU\Debug\libLib_MCU.a(lpc17xx_clkpwr.o)

.debug_ranges   0x00000000      0x2a0
 .debug_ranges  0x00000000       0x60 ./src/cr_startup_lpc17.o
 .debug_ranges  0x00000060       0x40 ./src/main.o
 .debug_ranges  0x000000a0       0x18 C:\Users\FeeDeeX46\Documents\LPCXpresso_8.2.2_650\workspace\Lib_CMSISv1p30_LPC17xx\Debug\libCMSISv1p30_LPC17xx.a(system_LPC17xx.o)
 .debug_ranges  0x000000b8       0x18 C:\Users\FeeDeeX46\Documents\LPCXpresso_8.2.2_650\workspace\Lib_EaBaseBoard\Debug\libLib_EaBaseBoard.a(joystick.o)
 .debug_ranges  0x000000d0       0xe8 C:\Users\FeeDeeX46\Documents\LPCXpresso_8.2.2_650\workspace\Lib_MCU\Debug\libLib_MCU.a(lpc17xx_gpio.o)
 .debug_ranges  0x000001b8       0x98 C:\Users\FeeDeeX46\Documents\LPCXpresso_8.2.2_650\workspace\Lib_MCU\Debug\libLib_MCU.a(lpc17xx_timer.o)
 .debug_ranges  0x00000250       0x50 C:\Users\FeeDeeX46\Documents\LPCXpresso_8.2.2_650\workspace\Lib_MCU\Debug\libLib_MCU.a(lpc17xx_clkpwr.o)

.debug_macro    0x00000000     0x3f4a
 .debug_macro   0x00000000       0x79 ./src/cr_startup_lpc17.o
 .debug_macro   0x00000079      0x886 ./src/cr_startup_lpc17.o
 .debug_macro   0x000008ff       0x22 ./src/cr_startup_lpc17.o
 .debug_macro   0x00000921       0x87 ./src/cr_startup_lpc17.o
 .debug_macro   0x000009a8       0x44 ./src/cr_startup_lpc17.o
 .debug_macro   0x000009ec       0xfd ./src/cr_startup_lpc17.o
 .debug_macro   0x00000ae9       0x5e ./src/cr_startup_lpc17.o
 .debug_macro   0x00000b47      0x1df ./src/cr_startup_lpc17.o
 .debug_macro   0x00000d26       0xc8 ./src/main.o
 .debug_macro   0x00000dee       0x1c ./src/main.o
 .debug_macro   0x00000e0a       0x22 ./src/main.o
 .debug_macro   0x00000e2c      0x7b7 ./src/main.o
 .debug_macro   0x000015e3      0x2c7 ./src/main.o
 .debug_macro   0x000018aa       0x64 ./src/main.o
 .debug_macro   0x0000190e      0x140 ./src/main.o
 .debug_macro   0x00001a4e       0x46 ./src/main.o
 .debug_macro   0x00001a94       0xed ./src/main.o
 .debug_macro   0x00001b81       0x28 ./src/main.o
 .debug_macro   0x00001ba9      0x113 C:\Users\FeeDeeX46\Documents\LPCXpresso_8.2.2_650\workspace\Lib_CMSISv1p30_LPC17xx\Debug\libCMSISv1p30_LPC17xx.a(system_LPC17xx.o)
 .debug_macro   0x00001cbc      0x880 C:\Users\FeeDeeX46\Documents\LPCXpresso_8.2.2_650\workspace\Lib_CMSISv1p30_LPC17xx\Debug\libCMSISv1p30_LPC17xx.a(system_LPC17xx.o)
 .debug_macro   0x0000253c       0x10 C:\Users\FeeDeeX46\Documents\LPCXpresso_8.2.2_650\workspace\Lib_CMSISv1p30_LPC17xx\Debug\libCMSISv1p30_LPC17xx.a(system_LPC17xx.o)
 .debug_macro   0x0000254c      0x12d C:\Users\FeeDeeX46\Documents\LPCXpresso_8.2.2_650\workspace\Lib_CMSISv1p30_LPC17xx\Debug\libCMSISv1p30_LPC17xx.a(system_LPC17xx.o)
 .debug_macro   0x00002679      0x5b2 C:\Users\FeeDeeX46\Documents\LPCXpresso_8.2.2_650\workspace\Lib_CMSISv1p30_LPC17xx\Debug\libCMSISv1p30_LPC17xx.a(system_LPC17xx.o)
 .debug_macro   0x00002c2b      0x7d5 C:\Users\FeeDeeX46\Documents\LPCXpresso_8.2.2_650\workspace\Lib_CMSISv1p30_LPC17xx\Debug\libCMSISv1p30_LPC17xx.a(system_LPC17xx.o)
 .debug_macro   0x00003400       0x83 C:\Users\FeeDeeX46\Documents\LPCXpresso_8.2.2_650\workspace\Lib_EaBaseBoard\Debug\libLib_EaBaseBoard.a(joystick.o)
 .debug_macro   0x00003483       0x40 C:\Users\FeeDeeX46\Documents\LPCXpresso_8.2.2_650\workspace\Lib_EaBaseBoard\Debug\libLib_EaBaseBoard.a(joystick.o)
 .debug_macro   0x000034c3       0x83 C:\Users\FeeDeeX46\Documents\LPCXpresso_8.2.2_650\workspace\Lib_MCU\Debug\libLib_MCU.a(lpc17xx_gpio.o)
 .debug_macro   0x00003546       0xda C:\Users\FeeDeeX46\Documents\LPCXpresso_8.2.2_650\workspace\Lib_MCU\Debug\libLib_MCU.a(lpc17xx_gpio.o)
 .debug_macro   0x00003620       0x95 C:\Users\FeeDeeX46\Documents\LPCXpresso_8.2.2_650\workspace\Lib_MCU\Debug\libLib_MCU.a(lpc17xx_timer.o)
 .debug_macro   0x000036b5       0xe7 C:\Users\FeeDeeX46\Documents\LPCXpresso_8.2.2_650\workspace\Lib_MCU\Debug\libLib_MCU.a(lpc17xx_timer.o)
 .debug_macro   0x0000379c      0x2fa C:\Users\FeeDeeX46\Documents\LPCXpresso_8.2.2_650\workspace\Lib_MCU\Debug\libLib_MCU.a(lpc17xx_timer.o)
 .debug_macro   0x00003a96      0x146 C:\Users\FeeDeeX46\Documents\LPCXpresso_8.2.2_650\workspace\Lib_MCU\Debug\libLib_MCU.a(lpc17xx_timer.o)
 .debug_macro   0x00003bdc       0x7a C:\Users\FeeDeeX46\Documents\LPCXpresso_8.2.2_650\workspace\Lib_MCU\Debug\libLib_MCU.a(lpc17xx_clkpwr.o)
 .debug_macro   0x00003c56      0x2f4 C:\Users\FeeDeeX46\Documents\LPCXpresso_8.2.2_650\workspace\Lib_MCU\Debug\libLib_MCU.a(lpc17xx_clkpwr.o)

.debug_line     0x00000000     0x1948
 .debug_line    0x00000000      0x32c ./src/cr_startup_lpc17.o
 .debug_line    0x0000032c      0x412 ./src/main.o
 .debug_line    0x0000073e      0x207 C:\Users\FeeDeeX46\Documents\LPCXpresso_8.2.2_650\workspace\Lib_CMSISv1p30_LPC17xx\Debug\libCMSISv1p30_LPC17xx.a(system_LPC17xx.o)
 .debug_line    0x00000945      0x272 C:\Users\FeeDeeX46\Documents\LPCXpresso_8.2.2_650\workspace\Lib_EaBaseBoard\Debug\libLib_EaBaseBoard.a(joystick.o)
 .debug_line    0x00000bb7      0x4dd C:\Users\FeeDeeX46\Documents\LPCXpresso_8.2.2_650\workspace\Lib_MCU\Debug\libLib_MCU.a(lpc17xx_gpio.o)
 .debug_line    0x00001094      0x5e2 C:\Users\FeeDeeX46\Documents\LPCXpresso_8.2.2_650\workspace\Lib_MCU\Debug\libLib_MCU.a(lpc17xx_timer.o)
 .debug_line    0x00001676      0x2d2 C:\Users\FeeDeeX46\Documents\LPCXpresso_8.2.2_650\workspace\Lib_MCU\Debug\libLib_MCU.a(lpc17xx_clkpwr.o)

.debug_str      0x00000000     0xbe5e
 .debug_str     0x00000000     0x3376 ./src/cr_startup_lpc17.o
                               0x34d1 (size before relaxing)
 .debug_str     0x00003376     0x5152 ./src/main.o
                               0x84f9 (size before relaxing)
 .debug_str     0x000084c8     0x1b6a C:\Users\FeeDeeX46\Documents\LPCXpresso_8.2.2_650\workspace\Lib_CMSISv1p30_LPC17xx\Debug\libCMSISv1p30_LPC17xx.a(system_LPC17xx.o)
                               0x7ff9 (size before relaxing)
 .debug_str     0x0000a032       0x93 C:\Users\FeeDeeX46\Documents\LPCXpresso_8.2.2_650\workspace\Lib_EaBaseBoard\Debug\libLib_EaBaseBoard.a(joystick.o)
                               0x8056 (size before relaxing)
 .debug_str     0x0000a0c5      0x5ee C:\Users\FeeDeeX46\Documents\LPCXpresso_8.2.2_650\workspace\Lib_MCU\Debug\libLib_MCU.a(lpc17xx_gpio.o)
                               0x8557 (size before relaxing)
 .debug_str     0x0000a6b3     0x1692 C:\Users\FeeDeeX46\Documents\LPCXpresso_8.2.2_650\workspace\Lib_MCU\Debug\libLib_MCU.a(lpc17xx_timer.o)
                               0xa1f7 (size before relaxing)
 .debug_str     0x0000bd45      0x119 C:\Users\FeeDeeX46\Documents\LPCXpresso_8.2.2_650\workspace\Lib_MCU\Debug\libLib_MCU.a(lpc17xx_clkpwr.o)
                               0x91ed (size before relaxing)

.comment        0x00000000       0x6e
 .comment       0x00000000       0x6e ./src/cr_startup_lpc17.o
                                 0x6f (size before relaxing)
 .comment       0x0000006e       0x6f ./src/main.o
 .comment       0x0000006e       0x6f C:\Users\FeeDeeX46\Documents\LPCXpresso_8.2.2_650\workspace\Lib_CMSISv1p30_LPC17xx\Debug\libCMSISv1p30_LPC17xx.a(system_LPC17xx.o)
 .comment       0x0000006e       0x6f C:\Users\FeeDeeX46\Documents\LPCXpresso_8.2.2_650\workspace\Lib_EaBaseBoard\Debug\libLib_EaBaseBoard.a(joystick.o)
 .comment       0x0000006e       0x6f C:\Users\FeeDeeX46\Documents\LPCXpresso_8.2.2_650\workspace\Lib_MCU\Debug\libLib_MCU.a(lpc17xx_gpio.o)
 .comment       0x0000006e       0x6f C:\Users\FeeDeeX46\Documents\LPCXpresso_8.2.2_650\workspace\Lib_MCU\Debug\libLib_MCU.a(lpc17xx_timer.o)
 .comment       0x0000006e       0x6f C:\Users\FeeDeeX46\Documents\LPCXpresso_8.2.2_650\workspace\Lib_MCU\Debug\libLib_MCU.a(lpc17xx_clkpwr.o)

.ARM.attributes
                0x00000000       0x33
 .ARM.attributes
                0x00000000       0x33 ./src/cr_startup_lpc17.o
 .ARM.attributes
                0x00000033       0x33 ./src/main.o
 .ARM.attributes
                0x00000066       0x33 C:\Users\FeeDeeX46\Documents\LPCXpresso_8.2.2_650\workspace\Lib_CMSISv1p30_LPC17xx\Debug\libCMSISv1p30_LPC17xx.a(system_LPC17xx.o)
 .ARM.attributes
                0x00000099       0x33 C:\Users\FeeDeeX46\Documents\LPCXpresso_8.2.2_650\workspace\Lib_EaBaseBoard\Debug\libLib_EaBaseBoard.a(joystick.o)
 .ARM.attributes
                0x000000cc       0x33 C:\Users\FeeDeeX46\Documents\LPCXpresso_8.2.2_650\workspace\Lib_MCU\Debug\libLib_MCU.a(lpc17xx_gpio.o)
 .ARM.attributes
                0x000000ff       0x33 C:\Users\FeeDeeX46\Documents\LPCXpresso_8.2.2_650\workspace\Lib_MCU\Debug\libLib_MCU.a(lpc17xx_timer.o)
 .ARM.attributes
                0x00000132       0x33 C:\Users\FeeDeeX46\Documents\LPCXpresso_8.2.2_650\workspace\Lib_MCU\Debug\libLib_MCU.a(lpc17xx_clkpwr.o)
 .ARM.attributes
                0x00000165       0x1d c:/nxp/lpcxpresso_8.2.2_650/lpcxpresso/tools/bin/../lib/gcc/arm-none-eabi/5.4.1/armv7-m\libgcc.a(_aeabi_uldivmod.o)
 .ARM.attributes
                0x00000182       0x2d c:/nxp/lpcxpresso_8.2.2_650/lpcxpresso/tools/bin/../lib/gcc/arm-none-eabi/5.4.1/armv7-m\libgcc.a(_udivmoddi4.o)
 .ARM.attributes
                0x000001af       0x1d c:/nxp/lpcxpresso_8.2.2_650/lpcxpresso/tools/bin/../lib/gcc/arm-none-eabi/5.4.1/armv7-m\libgcc.a(_dvmd_tls.o)

.debug_frame    0x00000000      0xb4c
 .debug_frame   0x00000000      0x120 ./src/cr_startup_lpc17.o
 .debug_frame   0x00000120      0x10c ./src/main.o
 .debug_frame   0x0000022c       0x64 C:\Users\FeeDeeX46\Documents\LPCXpresso_8.2.2_650\workspace\Lib_CMSISv1p30_LPC17xx\Debug\libCMSISv1p30_LPC17xx.a(system_LPC17xx.o)
 .debug_frame   0x00000290       0x50 C:\Users\FeeDeeX46\Documents\LPCXpresso_8.2.2_650\workspace\Lib_EaBaseBoard\Debug\libLib_EaBaseBoard.a(joystick.o)
 .debug_frame   0x000002e0      0x428 C:\Users\FeeDeeX46\Documents\LPCXpresso_8.2.2_650\workspace\Lib_MCU\Debug\libLib_MCU.a(lpc17xx_gpio.o)
 .debug_frame   0x00000708      0x2a4 C:\Users\FeeDeeX46\Documents\LPCXpresso_8.2.2_650\workspace\Lib_MCU\Debug\libLib_MCU.a(lpc17xx_timer.o)
 .debug_frame   0x000009ac      0x13c C:\Users\FeeDeeX46\Documents\LPCXpresso_8.2.2_650\workspace\Lib_MCU\Debug\libLib_MCU.a(lpc17xx_clkpwr.o)
 .debug_frame   0x00000ae8       0x2c c:/nxp/lpcxpresso_8.2.2_650/lpcxpresso/tools/bin/../lib/gcc/arm-none-eabi/5.4.1/armv7-m\libgcc.a(_aeabi_uldivmod.o)
 .debug_frame   0x00000b14       0x38 c:/nxp/lpcxpresso_8.2.2_650/lpcxpresso/tools/bin/../lib/gcc/arm-none-eabi/5.4.1/armv7-m\libgcc.a(_udivmoddi4.o)
